
> investor-trust-hub@0.1.0 typecheck
> npm run typecheck --workspaces --if-present


> @ith/web@0.1.0 typecheck
> tsc --noEmit

src/components/specialist-search/search-analytics.tsx(3,23): error TS2307: Cannot find module '@vercel/analytics' or its corresponding type declarations.
src/components/specialist-search/search-shell-analytics.tsx(3,23): error TS2307: Cannot find module '@vercel/analytics' or its corresponding type declarations.
node.exe : npm error Lifecycle script `typecheck` failed with error:
At line:1 char:1
+ & "C:\Program Files\nodejs/node.exe" "C:\Program Files\nodejs/node_mo ...
+ ~~~~~~~~~~~~~~~~~~~~~~~~~~~~~~~~~~~~~~~~~~~~~~~~~~~~~~~~~~~~~~~~~~~~~
    + CategoryInfo          : NotSpecified: (npm error Lifec...led with error::String) [], RemoteException
    + FullyQualifiedErrorId : NativeCommandError

npm error code 2
npm error path C:\Users\makei\th-search-r1-012-base\apps\web
npm error workspace @ith/web@0.1.0
npm error location C:\Users\makei\th-search-r1-012-base\apps\web
npm error command failed
npm error command C:\WINDOWS\system32\cmd.exe /d /s /c tsc --noEmit


> @ith/domain@0.1.0 typecheck
> tsc --noEmit


> @ith/config@0.1.0 typecheck
> tsc --noEmit


> @ith/ui@0.1.0 typecheck
> tsc --noEmit
